../Src/main.c:54:5:main	8	static
../Src/main.c:73:6:idle_task	4	static
../Src/main.c:79:6:task1_handler	8	static
../Src/main.c:88:6:task2_handler	8	static
../Src/main.c:97:6:task3_handler	8	static
../Src/main.c:106:6:task4_handler	8	static
../Src/main.c:115:6:init_systick_timer	32	static
../Src/main.c:134:27:init_scheduler_stack	0	static,ignoring_inline_asm
../Src/main.c:140:6:init_task_stack	24	static
../Src/main.c:183:6:enable_processor_faults	16	static
../Src/main.c:190:6:HardFault_Handler	8	static
../Src/main.c:194:6:MemManage_Handler	8	static
../Src/main.c:198:6:BusFault_Handler	8	static
../Src/main.c:204:10:get_psp_value	4	static
../Src/main.c:207:6:save_psp_value	16	static
../Src/main.c:211:6:update_next_task	16	static
../Src/main.c:224:27:switch_sp_to_psp	0	static,ignoring_inline_asm
../Src/main.c:241:6:task_delay	16	static,ignoring_inline_asm
../Src/main.c:253:6:schedule	16	static
../Src/main.c:258:26:PendSV_Handler	0	static,ignoring_inline_asm
../Src/main.c:274:6:update_global_tick_count	4	static
../Src/main.c:278:6:unblock_tasks	16	static
../Src/main.c:288:6:SysTick_Handler	16	static
